[2026-05-23 13:17:09] Usuario agregado: Edwin
[2026-05-23 13:17:32] Usuario agregado: Belen
[2026-05-23 13:17:35] Consulta de usuarios
[2026-05-23 13:18:08] Usuario agregado: Dylan
[2026-05-23 13:18:12] Consulta de usuarios
[2026-05-23 13:18:18] Respaldo JSON generado
[2026-05-23 13:18:54] Usuario actualizado ID: 3
[2026-05-23 13:18:57] Consulta de usuarios
[2026-05-23 13:19:03] Sistema cerrado
[2026-05-23 13:21:39] Usuario agregado: Alma
[2026-05-23 13:21:46] Base de datos restaurada
[2026-05-23 13:21:49] Consulta de usuarios
[2026-05-23 13:21:53] Respaldo JSON generado
[2026-05-23 13:21:58] Respaldo JSON generado
[2026-05-23 13:22:01] Respaldo JSON generado
[2026-05-23 13:22:09] Sistema cerrado
[2026-05-27 09:19:16] Sistema cerrado
[2026-05-27 20:55:22] Usuario agregado: Edwin
[2026-05-27 20:57:01] Consulta de usuarios
[2026-05-27 20:57:24] Consulta de usuarios
[2026-05-27 21:00:39] Usuario agregado: Yeda
[2026-05-27 21:05:26] Base de datos restaurada
[2026-05-27 21:05:29] Consulta de usuarios
[2026-05-27 21:11:49] Consulta de usuarios
[2026-05-27 21:12:42] Usuario agregado: Yed
[2026-05-27 21:12:44] Consulta de usuarios
[2026-05-27 21:13:07] Respaldo JSON generado
[2026-05-27 21:13:39] Usuario actualizado ID: 4
[2026-05-27 21:13:42] Consulta de usuarios
[2026-05-27 21:14:02] Tabla usuarios truncada
[2026-05-27 21:14:31] Base de datos restaurada
[2026-05-27 21:14:50] Salida del sistema
[2026-05-28 07:19:36] Base de datos restaurada
[2026-05-28 07:19:49] Consulta de usuarios
[2026-05-28 07:23:05] Usuario agregado: yeda
[2026-05-28 07:23:09] Consulta de usuarios
[2026-05-28 07:23:25] Tabla usuarios truncada
[2026-05-28 07:32:01] Base de datos restaurada
